   1               		.file	"segmentled.c"
   2               	__SREG__ = 0x3f
   3               	__SP_H__ = 0x3e
   4               	__SP_L__ = 0x3d
   5               	__CCP__  = 0x34
   6               	__tmp_reg__ = 0
   7               	__zero_reg__ = 1
  15               	.Ltext0:
  16               	.global	main
  18               	main:
  19               	.LFB6:
  20               	.LM1:
  21 0000 DF93      		push r29
  22 0002 CF93      		push r28
  23 0004 CDB7      		in r28,__SP_L__
  24 0006 DEB7      		in r29,__SP_H__
  25 0008 6497      		sbiw r28,20
  26 000a 0FB6      		in __tmp_reg__,__SREG__
  27 000c F894      		cli
  28 000e DEBF      		out __SP_H__,r29
  29 0010 0FBE      		out __SREG__,__tmp_reg__
  30 0012 CDBF      		out __SP_L__,r28
  31               	/* prologue: function */
  32               	/* frame size = 20 */
  33               	.LM2:
  34 0014 DE01      		movw r26,r28
  35 0016 1196      		adiw r26,1
  36 0018 E0E0      		ldi r30,lo8(C.0.1250)
  37 001a F0E0      		ldi r31,hi8(C.0.1250)
  38 001c 84E1      		ldi r24,lo8(20)
  39               	.L2:
  40 001e 0190      		ld r0,Z+
  41 0020 0D92      		st X+,r0
  42 0022 8150      		subi r24,lo8(-(-1))
  43 0024 01F4      		brne .L2
  44               	.LM3:
  45 0026 8FEF      		ldi r24,lo8(-1)
  46 0028 8ABB      		out 58-32,r24
  47 002a 20E0      		ldi r18,lo8(0)
  48 002c 30E0      		ldi r19,hi8(0)
  49               	.LVL0:
  50               	.LBB13:
  51               	.LM4:
  52 002e BE01      		movw r22,r28
  53 0030 6F5F      		subi r22,lo8(-(1))
  54 0032 7F4F      		sbci r23,hi8(-(1))
  55               	.LBB14:
  56               	.LBB15:
  57               	.LBB16:
  58               	.LBB17:
  59               	.LM5:
  60 0034 49E1      		ldi r20,lo8(25)
  61 0036 50E0      		ldi r21,hi8(25)
  62               	.LVL1:
  63               	.L10:
  64               	.LBE17:
  65               	.LBE16:
  66               	.LBE15:
  67               	.LBE14:
  68               	.LM6:
  69 0038 F901      		movw r30,r18
  70               	.LVL2:
  71 003a EE0F      		lsl r30
  72 003c FF1F      		rol r31
  73               	.LVL3:
  74 003e E60F      		add r30,r22
  75 0040 F71F      		adc r31,r23
  76 0042 8081      		ld r24,Z
  77 0044 8BBB      		out 59-32,r24
  78 0046 80E1      		ldi r24,lo8(10000)
  79 0048 97E2      		ldi r25,hi8(10000)
  80               	.LVL4:
  81               	.L3:
  82               	.LBB21:
  83               	.LBB20:
  84               	.LBB19:
  85               	.LBB18:
  86               	.LM7:
  87 004a FA01      		movw r30,r20
  88               	.LVL5:
  89               	/* #APP */
  90               	 ;  105 "c:/winavr-20100110/lib/gcc/../../avr/include/util/delay_basic.h" 1
  91 004c 3197      		1: sbiw r30,1
  92 004e 01F4      		brne 1b
  93               	 ;  0 "" 2
  94               	/* #NOAPP */
  95               	.LBE18:
  96               	.LBE19:
  97               	.LM8:
  98 0050 0197      		sbiw r24,1
  99               	.LM9:
 100 0052 01F4      		brne .L3
 101               	.LBE20:
 102               	.LBE21:
 103               	.LM10:
 104 0054 2F5F      		subi r18,lo8(-(1))
 105 0056 3F4F      		sbci r19,hi8(-(1))
 106 0058 2A30      		cpi r18,10
 107 005a 3105      		cpc r19,__zero_reg__
 108 005c 04F0      		brlt .L10
 109 005e 20E0      		ldi r18,lo8(0)
 110 0060 30E0      		ldi r19,hi8(0)
 111 0062 00C0      		rjmp .L10
 112               	.LBE13:
 113               	.LFE6:
 115               		.data
 118               	C.0.1250:
 119 0000 C000      		.word	192
 120 0002 F900      		.word	249
 121 0004 A400      		.word	164
 122 0006 B000      		.word	176
 123 0008 9900      		.word	153
 124 000a 9200      		.word	146
 125 000c 8200      		.word	130
 126 000e F800      		.word	248
 127 0010 8000      		.word	128
 128 0012 1000      		.word	16
 153               	.Letext0:
DEFINED SYMBOLS
                            *ABS*:00000000 segmentled.c
C:\Users\Lenovo\AppData\Local\Temp/ccJHRF9t.s:2      *ABS*:0000003f __SREG__
C:\Users\Lenovo\AppData\Local\Temp/ccJHRF9t.s:3      *ABS*:0000003e __SP_H__
C:\Users\Lenovo\AppData\Local\Temp/ccJHRF9t.s:4      *ABS*:0000003d __SP_L__
C:\Users\Lenovo\AppData\Local\Temp/ccJHRF9t.s:5      *ABS*:00000034 __CCP__
C:\Users\Lenovo\AppData\Local\Temp/ccJHRF9t.s:6      *ABS*:00000000 __tmp_reg__
C:\Users\Lenovo\AppData\Local\Temp/ccJHRF9t.s:7      *ABS*:00000001 __zero_reg__
C:\Users\Lenovo\AppData\Local\Temp/ccJHRF9t.s:18     .text:00000000 main
C:\Users\Lenovo\AppData\Local\Temp/ccJHRF9t.s:118    .data:00000000 C.0.1250

UNDEFINED SYMBOLS
__do_copy_data
